[     570ms] [INFO] %cDownload the React DevTools for a better development experience: https://react.dev/link/react-devtools font-weight:bold @ http://localhost:3000/_next/static/chunks/6bf56_next_dist_compiled_react-dom_1bfb2093._.js:14475
[    1562ms] [ERROR] Failed to load resource: the server responded with a status of 403 () @ https://firestore.googleapis.com/v1/projects/kara-gabon/databases/(default)/documents:runAggregationQuery:0
[    1562ms] [WARNING] [2026-05-11T16:35:04.848Z]  @firebase/firestore: Firestore (12.6.0): RestConnection RPC 'RunAggregationQuery' 0x3b4b4a54 failed with error:  {"code":"permission-denied","name":"FirebaseError"} url:  https://firestore.googleapis.com/v1/projects/kara-gabon/databases/(default)/documents:runAggregationQuery request: {"structuredAggregationQuery":{"aggregations":[{"alias":"aggregate_0","count":{}}],"structuredQuery":{"from":[{"collectionId":"notifications"}],"where":{"fieldFilter":{"field":{"fieldPath":"isRead"},"op":"EQUAL","value":{"booleanValue":false}}}}}} @ http://localhost:3000/_next/static/chunks/node_modules__pnpm_58024466._.js:29115
[    1563ms] [ERROR] Erreur lors de la récupération du nombre de notifications non lues: FirebaseError: Missing or insufficient permissions. @ http://localhost:3000/_next/static/chunks/6bf56_next_dist_934d5d26._.js:2248
[    1571ms] [ERROR] [useCreditContractRealtimeSync] guarantor remunerations listener error: FirebaseError: Missing or insufficient permissions. @ http://localhost:3000/_next/static/chunks/6bf56_next_dist_934d5d26._.js:2248
[    1571ms] [ERROR] [useCreditContractRealtimeSync] penalties listener error: FirebaseError: Missing or insufficient permissions. @ http://localhost:3000/_next/static/chunks/6bf56_next_dist_934d5d26._.js:2248
[    1572ms] [ERROR] [useCreditContractRealtimeSync] payments listener error: FirebaseError: Missing or insufficient permissions. @ http://localhost:3000/_next/static/chunks/6bf56_next_dist_934d5d26._.js:2248
[    1572ms] [ERROR] Erreur lors de la récupération des notifications non lues: FirebaseError: Missing or insufficient permissions. @ http://localhost:3000/_next/static/chunks/6bf56_next_dist_934d5d26._.js:2248
[    1572ms] [ERROR] [useCreditContractRealtimeSync] contract listener error: FirebaseError: Missing or insufficient permissions. @ http://localhost:3000/_next/static/chunks/6bf56_next_dist_934d5d26._.js:2248
[    1572ms] [ERROR] [useCreditContractRealtimeSync] guarantor payments listener error: FirebaseError: Missing or insufficient permissions. @ http://localhost:3000/_next/static/chunks/6bf56_next_dist_934d5d26._.js:2248
[    1640ms] [ERROR] [useCreditContractRealtimeSync] installments listener error: FirebaseError: Missing or insufficient permissions. @ http://localhost:3000/_next/static/chunks/6bf56_next_dist_934d5d26._.js:2248
[    1699ms] [ERROR] Failed to load resource: the server responded with a status of 404 (Not Found) @ http://localhost:3000/api/placeholder/32/32:0
[    1706ms] [LOG] [Fast Refresh] done in NaNms @ http://localhost:3000/_next/static/chunks/6bf56_next_dist_client_3d9a823b._.js:5557
[   61761ms] [ERROR] Failed to load resource: the server responded with a status of 403 () @ https://firestore.googleapis.com/v1/projects/kara-gabon/databases/(default)/documents:runAggregationQuery:0
[   61762ms] [WARNING] [2026-05-11T16:36:05.047Z]  @firebase/firestore: Firestore (12.6.0): RestConnection RPC 'RunAggregationQuery' 0x3b4b4a56 failed with error:  {"code":"permission-denied","name":"FirebaseError"} url:  https://firestore.googleapis.com/v1/projects/kara-gabon/databases/(default)/documents:runAggregationQuery request: {"structuredAggregationQuery":{"aggregations":[{"alias":"aggregate_0","count":{}}],"structuredQuery":{"from":[{"collectionId":"notifications"}],"where":{"fieldFilter":{"field":{"fieldPath":"isRead"},"op":"EQUAL","value":{"booleanValue":false}}}}}} @ http://localhost:3000/_next/static/chunks/node_modules__pnpm_58024466._.js:29115
[   61762ms] [ERROR] Erreur lors de la récupération du nombre de notifications non lues: FirebaseError: Missing or insufficient permissions. @ http://localhost:3000/_next/static/chunks/6bf56_next_dist_934d5d26._.js:2248
[   61763ms] [ERROR] Erreur lors de la récupération des notifications non lues: FirebaseError: Missing or insufficient permissions. @ http://localhost:3000/_next/static/chunks/6bf56_next_dist_934d5d26._.js:2248
[  106164ms] [LOG] [Fast Refresh] rebuilding @ http://localhost:3000/_next/static/chunks/6bf56_next_dist_client_3d9a823b._.js:5693
[  107394ms] [LOG] [Fast Refresh] done in 1072ms @ http://localhost:3000/_next/static/chunks/6bf56_next_dist_client_3d9a823b._.js:5557
[  121866ms] [ERROR] Erreur lors de la récupération des notifications non lues: FirebaseError: Missing or insufficient permissions. @ http://localhost:3000/_next/static/chunks/6bf56_next_dist_934d5d26._.js:2248
[  121872ms] [ERROR] Failed to load resource: the server responded with a status of 403 () @ https://firestore.googleapis.com/v1/projects/kara-gabon/databases/(default)/documents:runAggregationQuery:0
[  121872ms] [WARNING] [2026-05-11T16:37:05.158Z]  @firebase/firestore: Firestore (12.6.0): RestConnection RPC 'RunAggregationQuery' 0x3b4b4a58 failed with error:  {"code":"permission-denied","name":"FirebaseError"} url:  https://firestore.googleapis.com/v1/projects/kara-gabon/databases/(default)/documents:runAggregationQuery request: {"structuredAggregationQuery":{"aggregations":[{"alias":"aggregate_0","count":{}}],"structuredQuery":{"from":[{"collectionId":"notifications"}],"where":{"fieldFilter":{"field":{"fieldPath":"isRead"},"op":"EQUAL","value":{"booleanValue":false}}}}}} @ http://localhost:3000/_next/static/chunks/node_modules__pnpm_58024466._.js:29115
[  121873ms] [ERROR] Erreur lors de la récupération du nombre de notifications non lues: FirebaseError: Missing or insufficient permissions. @ http://localhost:3000/_next/static/chunks/6bf56_next_dist_934d5d26._.js:2248
[  182067ms] [ERROR] Erreur lors de la récupération des notifications non lues: FirebaseError: Missing or insufficient permissions. @ http://localhost:3000/_next/static/chunks/6bf56_next_dist_934d5d26._.js:2248
[  182077ms] [ERROR] Failed to load resource: the server responded with a status of 403 () @ https://firestore.googleapis.com/v1/projects/kara-gabon/databases/(default)/documents:runAggregationQuery:0
[  182078ms] [WARNING] [2026-05-11T16:38:05.363Z]  @firebase/firestore: Firestore (12.6.0): RestConnection RPC 'RunAggregationQuery' 0x3b4b4a5a failed with error:  {"code":"permission-denied","name":"FirebaseError"} url:  https://firestore.googleapis.com/v1/projects/kara-gabon/databases/(default)/documents:runAggregationQuery request: {"structuredAggregationQuery":{"aggregations":[{"alias":"aggregate_0","count":{}}],"structuredQuery":{"from":[{"collectionId":"notifications"}],"where":{"fieldFilter":{"field":{"fieldPath":"isRead"},"op":"EQUAL","value":{"booleanValue":false}}}}}} @ http://localhost:3000/_next/static/chunks/node_modules__pnpm_58024466._.js:29115
[  182078ms] [ERROR] Erreur lors de la récupération du nombre de notifications non lues: FirebaseError: Missing or insufficient permissions. @ http://localhost:3000/_next/static/chunks/6bf56_next_dist_934d5d26._.js:2248
[  242177ms] [ERROR] Erreur lors de la récupération des notifications non lues: FirebaseError: Missing or insufficient permissions. @ http://localhost:3000/_next/static/chunks/6bf56_next_dist_934d5d26._.js:2248
[  242192ms] [ERROR] Failed to load resource: the server responded with a status of 403 () @ https://firestore.googleapis.com/v1/projects/kara-gabon/databases/(default)/documents:runAggregationQuery:0
[  242193ms] [WARNING] [2026-05-11T16:39:05.478Z]  @firebase/firestore: Firestore (12.6.0): RestConnection RPC 'RunAggregationQuery' 0x3b4b4a5c failed with error:  {"code":"permission-denied","name":"FirebaseError"} url:  https://firestore.googleapis.com/v1/projects/kara-gabon/databases/(default)/documents:runAggregationQuery request: {"structuredAggregationQuery":{"aggregations":[{"alias":"aggregate_0","count":{}}],"structuredQuery":{"from":[{"collectionId":"notifications"}],"where":{"fieldFilter":{"field":{"fieldPath":"isRead"},"op":"EQUAL","value":{"booleanValue":false}}}}}} @ http://localhost:3000/_next/static/chunks/node_modules__pnpm_58024466._.js:29115
[  242193ms] [ERROR] Erreur lors de la récupération du nombre de notifications non lues: FirebaseError: Missing or insufficient permissions. @ http://localhost:3000/_next/static/chunks/6bf56_next_dist_934d5d26._.js:2248
[  302273ms] [ERROR] Erreur lors de la récupération des notifications non lues: FirebaseError: Missing or insufficient permissions. @ http://localhost:3000/_next/static/chunks/6bf56_next_dist_934d5d26._.js:2248
[  302298ms] [ERROR] Failed to load resource: the server responded with a status of 403 () @ https://firestore.googleapis.com/v1/projects/kara-gabon/databases/(default)/documents:runAggregationQuery:0
[  302299ms] [WARNING] [2026-05-11T16:40:05.584Z]  @firebase/firestore: Firestore (12.6.0): RestConnection RPC 'RunAggregationQuery' 0x3b4b4a5e failed with error:  {"code":"permission-denied","name":"FirebaseError"} url:  https://firestore.googleapis.com/v1/projects/kara-gabon/databases/(default)/documents:runAggregationQuery request: {"structuredAggregationQuery":{"aggregations":[{"alias":"aggregate_0","count":{}}],"structuredQuery":{"from":[{"collectionId":"notifications"}],"where":{"fieldFilter":{"field":{"fieldPath":"isRead"},"op":"EQUAL","value":{"booleanValue":false}}}}}} @ http://localhost:3000/_next/static/chunks/node_modules__pnpm_58024466._.js:29115
[  302299ms] [ERROR] Erreur lors de la récupération du nombre de notifications non lues: FirebaseError: Missing or insufficient permissions. @ http://localhost:3000/_next/static/chunks/6bf56_next_dist_934d5d26._.js:2248
[  362374ms] [ERROR] Erreur lors de la récupération des notifications non lues: FirebaseError: Missing or insufficient permissions. @ http://localhost:3000/_next/static/chunks/6bf56_next_dist_934d5d26._.js:2248
[  362412ms] [ERROR] Failed to load resource: the server responded with a status of 403 () @ https://firestore.googleapis.com/v1/projects/kara-gabon/databases/(default)/documents:runAggregationQuery:0
[  362413ms] [WARNING] [2026-05-11T16:41:05.699Z]  @firebase/firestore: Firestore (12.6.0): RestConnection RPC 'RunAggregationQuery' 0x3b4b4a60 failed with error:  {"code":"permission-denied","name":"FirebaseError"} url:  https://firestore.googleapis.com/v1/projects/kara-gabon/databases/(default)/documents:runAggregationQuery request: {"structuredAggregationQuery":{"aggregations":[{"alias":"aggregate_0","count":{}}],"structuredQuery":{"from":[{"collectionId":"notifications"}],"where":{"fieldFilter":{"field":{"fieldPath":"isRead"},"op":"EQUAL","value":{"booleanValue":false}}}}}} @ http://localhost:3000/_next/static/chunks/node_modules__pnpm_58024466._.js:29115
[  362413ms] [ERROR] Erreur lors de la récupération du nombre de notifications non lues: FirebaseError: Missing or insufficient permissions. @ http://localhost:3000/_next/static/chunks/6bf56_next_dist_934d5d26._.js:2248
[  422479ms] [ERROR] Erreur lors de la récupération des notifications non lues: FirebaseError: Missing or insufficient permissions. @ http://localhost:3000/_next/static/chunks/6bf56_next_dist_934d5d26._.js:2248
[  422514ms] [ERROR] Failed to load resource: the server responded with a status of 403 () @ https://firestore.googleapis.com/v1/projects/kara-gabon/databases/(default)/documents:runAggregationQuery:0
[  422516ms] [WARNING] [2026-05-11T16:42:05.801Z]  @firebase/firestore: Firestore (12.6.0): RestConnection RPC 'RunAggregationQuery' 0x3b4b4a62 failed with error:  {"code":"permission-denied","name":"FirebaseError"} url:  https://firestore.googleapis.com/v1/projects/kara-gabon/databases/(default)/documents:runAggregationQuery request: {"structuredAggregationQuery":{"aggregations":[{"alias":"aggregate_0","count":{}}],"structuredQuery":{"from":[{"collectionId":"notifications"}],"where":{"fieldFilter":{"field":{"fieldPath":"isRead"},"op":"EQUAL","value":{"booleanValue":false}}}}}} @ http://localhost:3000/_next/static/chunks/node_modules__pnpm_58024466._.js:29115
[  422516ms] [ERROR] Erreur lors de la récupération du nombre de notifications non lues: FirebaseError: Missing or insufficient permissions. @ http://localhost:3000/_next/static/chunks/6bf56_next_dist_934d5d26._.js:2248
[  482586ms] [ERROR] Erreur lors de la récupération des notifications non lues: FirebaseError: Missing or insufficient permissions. @ http://localhost:3000/_next/static/chunks/6bf56_next_dist_934d5d26._.js:2248
[  482625ms] [ERROR] Failed to load resource: the server responded with a status of 403 () @ https://firestore.googleapis.com/v1/projects/kara-gabon/databases/(default)/documents:runAggregationQuery:0
[  482626ms] [WARNING] [2026-05-11T16:43:05.911Z]  @firebase/firestore: Firestore (12.6.0): RestConnection RPC 'RunAggregationQuery' 0x3b4b4a64 failed with error:  {"code":"permission-denied","name":"FirebaseError"} url:  https://firestore.googleapis.com/v1/projects/kara-gabon/databases/(default)/documents:runAggregationQuery request: {"structuredAggregationQuery":{"aggregations":[{"alias":"aggregate_0","count":{}}],"structuredQuery":{"from":[{"collectionId":"notifications"}],"where":{"fieldFilter":{"field":{"fieldPath":"isRead"},"op":"EQUAL","value":{"booleanValue":false}}}}}} @ http://localhost:3000/_next/static/chunks/node_modules__pnpm_58024466._.js:29115
[  482626ms] [ERROR] Erreur lors de la récupération du nombre de notifications non lues: FirebaseError: Missing or insufficient permissions. @ http://localhost:3000/_next/static/chunks/6bf56_next_dist_934d5d26._.js:2248
[  542691ms] [ERROR] Erreur lors de la récupération des notifications non lues: FirebaseError: Missing or insufficient permissions. @ http://localhost:3000/_next/static/chunks/6bf56_next_dist_934d5d26._.js:2248
[  542728ms] [ERROR] Failed to load resource: the server responded with a status of 403 () @ https://firestore.googleapis.com/v1/projects/kara-gabon/databases/(default)/documents:runAggregationQuery:0
[  542729ms] [WARNING] [2026-05-11T16:44:06.014Z]  @firebase/firestore: Firestore (12.6.0): RestConnection RPC 'RunAggregationQuery' 0x3b4b4a66 failed with error:  {"code":"permission-denied","name":"FirebaseError"} url:  https://firestore.googleapis.com/v1/projects/kara-gabon/databases/(default)/documents:runAggregationQuery request: {"structuredAggregationQuery":{"aggregations":[{"alias":"aggregate_0","count":{}}],"structuredQuery":{"from":[{"collectionId":"notifications"}],"where":{"fieldFilter":{"field":{"fieldPath":"isRead"},"op":"EQUAL","value":{"booleanValue":false}}}}}} @ http://localhost:3000/_next/static/chunks/node_modules__pnpm_58024466._.js:29115
[  542729ms] [ERROR] Erreur lors de la récupération du nombre de notifications non lues: FirebaseError: Missing or insufficient permissions. @ http://localhost:3000/_next/static/chunks/6bf56_next_dist_934d5d26._.js:2248
[  602800ms] [ERROR] Erreur lors de la récupération des notifications non lues: FirebaseError: Missing or insufficient permissions. @ http://localhost:3000/_next/static/chunks/6bf56_next_dist_934d5d26._.js:2248
[  602850ms] [ERROR] Failed to load resource: the server responded with a status of 403 () @ https://firestore.googleapis.com/v1/projects/kara-gabon/databases/(default)/documents:runAggregationQuery:0
[  602851ms] [WARNING] [2026-05-11T16:45:06.137Z]  @firebase/firestore: Firestore (12.6.0): RestConnection RPC 'RunAggregationQuery' 0x3b4b4a68 failed with error:  {"code":"permission-denied","name":"FirebaseError"} url:  https://firestore.googleapis.com/v1/projects/kara-gabon/databases/(default)/documents:runAggregationQuery request: {"structuredAggregationQuery":{"aggregations":[{"alias":"aggregate_0","count":{}}],"structuredQuery":{"from":[{"collectionId":"notifications"}],"where":{"fieldFilter":{"field":{"fieldPath":"isRead"},"op":"EQUAL","value":{"booleanValue":false}}}}}} @ http://localhost:3000/_next/static/chunks/node_modules__pnpm_58024466._.js:29115
[  602852ms] [ERROR] Erreur lors de la récupération du nombre de notifications non lues: FirebaseError: Missing or insufficient permissions. @ http://localhost:3000/_next/static/chunks/6bf56_next_dist_934d5d26._.js:2248
[  662901ms] [ERROR] Erreur lors de la récupération des notifications non lues: FirebaseError: Missing or insufficient permissions. @ http://localhost:3000/_next/static/chunks/6bf56_next_dist_934d5d26._.js:2248
[  662961ms] [ERROR] Failed to load resource: the server responded with a status of 403 () @ https://firestore.googleapis.com/v1/projects/kara-gabon/databases/(default)/documents:runAggregationQuery:0
[  662962ms] [WARNING] [2026-05-11T16:46:06.247Z]  @firebase/firestore: Firestore (12.6.0): RestConnection RPC 'RunAggregationQuery' 0x3b4b4a6a failed with error:  {"code":"permission-denied","name":"FirebaseError"} url:  https://firestore.googleapis.com/v1/projects/kara-gabon/databases/(default)/documents:runAggregationQuery request: {"structuredAggregationQuery":{"aggregations":[{"alias":"aggregate_0","count":{}}],"structuredQuery":{"from":[{"collectionId":"notifications"}],"where":{"fieldFilter":{"field":{"fieldPath":"isRead"},"op":"EQUAL","value":{"booleanValue":false}}}}}} @ http://localhost:3000/_next/static/chunks/node_modules__pnpm_58024466._.js:29115
[  662962ms] [ERROR] Erreur lors de la récupération du nombre de notifications non lues: FirebaseError: Missing or insufficient permissions. @ http://localhost:3000/_next/static/chunks/6bf56_next_dist_934d5d26._.js:2248
[  722999ms] [ERROR] Erreur lors de la récupération des notifications non lues: FirebaseError: Missing or insufficient permissions. @ http://localhost:3000/_next/static/chunks/6bf56_next_dist_934d5d26._.js:2248
[  723079ms] [ERROR] Failed to load resource: the server responded with a status of 403 () @ https://firestore.googleapis.com/v1/projects/kara-gabon/databases/(default)/documents:runAggregationQuery:0
[  723080ms] [WARNING] [2026-05-11T16:47:06.365Z]  @firebase/firestore: Firestore (12.6.0): RestConnection RPC 'RunAggregationQuery' 0x3b4b4a6c failed with error:  {"code":"permission-denied","name":"FirebaseError"} url:  https://firestore.googleapis.com/v1/projects/kara-gabon/databases/(default)/documents:runAggregationQuery request: {"structuredAggregationQuery":{"aggregations":[{"alias":"aggregate_0","count":{}}],"structuredQuery":{"from":[{"collectionId":"notifications"}],"where":{"fieldFilter":{"field":{"fieldPath":"isRead"},"op":"EQUAL","value":{"booleanValue":false}}}}}} @ http://localhost:3000/_next/static/chunks/node_modules__pnpm_58024466._.js:29115
[  723080ms] [ERROR] Erreur lors de la récupération du nombre de notifications non lues: FirebaseError: Missing or insufficient permissions. @ http://localhost:3000/_next/static/chunks/6bf56_next_dist_934d5d26._.js:2248
[  744791ms] [LOG] [Fast Refresh] rebuilding @ http://localhost:3000/_next/static/chunks/6bf56_next_dist_client_3d9a823b._.js:5693
[  745466ms] [LOG] [Fast Refresh] done in 776ms @ http://localhost:3000/_next/static/chunks/6bf56_next_dist_client_3d9a823b._.js:5557
[  745568ms] [LOG] [Fast Refresh] rebuilding @ http://localhost:3000/_next/static/chunks/6bf56_next_dist_client_3d9a823b._.js:5693
[  745983ms] [LOG] [Fast Refresh] done in 515ms @ http://localhost:3000/_next/static/chunks/6bf56_next_dist_client_3d9a823b._.js:5557
